// Jest Snapshot v1, https://goo.gl/fbAQLP

exports[`renders the content of the Events header 1`] = `
<div
  className="
			container
			mt-5 mt-sm-2 mt-md-0
			
			WithTheme-WithWidth-Container---fullHeight-2
			
			
			WithTheme-WithWidth-Container---containerCenter-3
		"
>
  <div
    className="row"
  >
    <div
      className="col-12"
    >
      <h1
        className="MuiTypography-root-6 MuiTypography-display1-10 MuiTypography-alignCenter-29 nextEventText"
      >
        
      </h1>
      <h1
        className="MuiTypography-root-6 MuiTypography-display4-7 MuiTypography-alignCenter-29 nextEventTitle"
      >
        Data Oriented Design with Maxim Zaks
      </h1>
      <h1
        className="MuiTypography-root-6 MuiTypography-display2-9 MuiTypography-gutterBottom-33 MuiTypography-alignCenter-29 nextEventText"
      >
        26 september 2018
      </h1>
      <div
        style={
          Object {
            "textAlign": "center",
          }
        }
      >
        <a
          className="MuiButtonBase-root-67 MuiButton-root-41 MuiButton-contained-52 MuiButton-containedPrimary-53 MuiButton-raised-55 MuiButton-raisedPrimary-56 mr-1 undefined"
          href="https://www.codestar.nl"
          onBlur={[Function]}
          onFocus={[Function]}
          onKeyDown={[Function]}
          onKeyUp={[Function]}
          onMouseDown={[Function]}
          onMouseLeave={[Function]}
          onMouseUp={[Function]}
          onTouchEnd={[Function]}
          onTouchMove={[Function]}
          onTouchStart={[Function]}
          role="button"
          tabIndex="0"
        >
          <span
            className="MuiButton-label-42"
          >
            
          </span>
          <span
            className="MuiTouchRipple-root-70"
          />
        </a>
        <a
          onClick={[Function]}
        >
          <button
            className="MuiButtonBase-root-67 MuiButton-root-41 MuiButton-contained-52 MuiButton-raised-55"
            disabled={false}
            onBlur={[Function]}
            onFocus={[Function]}
            onKeyDown={[Function]}
            onKeyUp={[Function]}
            onMouseDown={[Function]}
            onMouseLeave={[Function]}
            onMouseUp={[Function]}
            onTouchEnd={[Function]}
            onTouchMove={[Function]}
            onTouchStart={[Function]}
            tabIndex="0"
            type="button"
          >
            <span
              className="MuiButton-label-42"
            >
              
            </span>
            <span
              className="MuiTouchRipple-root-70"
            />
          </button>
        </a>
        <div
          className="mt-5"
        >
          <button />
        </div>
      </div>
    </div>
  </div>
</div>
`;
