// Jest Snapshot v1, https://goo.gl/fbAQLP

exports[`<Publications /> renders publications 1`] = `"mock-publication-card"`;
