// Jest Snapshot v1, https://goo.gl/fbAQLP

exports[`renders the details for the Events header 1`] = `
<section
  className="
			bg-white
			WithTheme-WithWidth-Section---section-1"
  name="event-details"
>
  <div
    className="WithTheme-WithWidth-Section---element-2"
    name="event-details"
  />
  <div
    className="
			container
			
			
			
			
			
			WithTheme-WithWidth-Container---containerCenter-5
		"
  >
    <div
      className="row"
    >
      <div
        className="col-12"
      >
        <h2
          className="MuiTypography-root-8 MuiTypography-title-14 MuiTypography-alignCenter-21"
        >
          Data Oriented Design with Maxim Zaks
        </h2>
        <h3
          className="MuiTypography-root-8 MuiTypography-subheading-15 MuiTypography-gutterBottom-25 MuiTypography-alignCenter-21"
        >
          26 september 2018
        </h3>
      </div>
    </div>
    <div
      className="row"
    >
      <div
        className="col-12 col-md-8"
      >
        descriptionElem
      </div>
      <div
        className="col-12 col-md-4"
      >
        <img
          alt="Artistic background with text \\"Data Oriented Design with Maxim Zaks\\""
          src={undefined}
          style={
            Object {
              "width": "100%",
            }
          }
        />
        <a
          className="MuiButtonBase-root-59 MuiButton-root-33 MuiButton-contained-44 MuiButton-containedPrimary-45 MuiButton-raised-47 MuiButton-raisedPrimary-48 mt-1"
          href="https://www.codestar.nl"
          onBlur={[Function]}
          onFocus={[Function]}
          onKeyDown={[Function]}
          onKeyUp={[Function]}
          onMouseDown={[Function]}
          onMouseLeave={[Function]}
          onMouseUp={[Function]}
          onTouchEnd={[Function]}
          onTouchMove={[Function]}
          onTouchStart={[Function]}
          role="button"
          tabIndex="0"
        >
          <span
            className="MuiButton-label-34"
          >
            
          </span>
          <span
            className="MuiTouchRipple-root-62"
          />
        </a>
      </div>
    </div>
  </div>
</section>
`;
