// Jest Snapshot v1, https://goo.gl/fbAQLP

exports[`<App /> Snaphot default 1`] = `
Array [
  <NavContainer
    history={
      Object {
        "action": "POP",
        "block": [Function],
        "createHref": [Function],
        "go": [Function],
        "goBack": [Function],
        "goForward": [Function],
        "length": 1,
        "listen": [Function],
        "location": Object {
          "hash": "",
          "pathname": "/",
          "search": "",
          "state": undefined,
        },
        "push": [Function],
        "replace": [Function],
      }
    }
  />,
  <ScrollToTop>
    <AsyncComponent
      component={[Function]}
      fullHeight={true}
      history={
        Object {
          "action": "POP",
          "block": [Function],
          "createHref": [Function],
          "go": [Function],
          "goBack": [Function],
          "goForward": [Function],
          "length": 1,
          "listen": [Function],
          "location": Object {
            "hash": "",
            "pathname": "/",
            "search": "",
            "state": undefined,
          },
          "push": [Function],
          "replace": [Function],
        }
      }
      location={
        Object {
          "hash": "",
          "pathname": "/",
          "search": "",
          "state": undefined,
        }
      }
      match={
        Object {
          "isExact": true,
          "params": Object {},
          "path": "/",
          "url": "/",
        }
      }
      staticContext={undefined}
    />
  </ScrollToTop>,
  <Footer />,
]
`;
